// Jest Snapshot v1, https://goo.gl/fbAQLP

exports[`<Order /> should render Order 1`] = `
<div
  className="Order"
>
  <p>
    Ingredients: 
  </p>
  <p>
    Price: 
    <strong>
      USD 
      NaN
    </strong>
  </p>
</div>
`;
