// Jest Snapshot v1, https://goo.gl/fbAQLP

exports[`<DrawerToggle /> should render DrawerToggle 1`] = `
<div
  className="DrawerToggle"
>
  <div />
  <div />
  <div />
</div>
`;
