// Jest Snapshot v1, https://goo.gl/fbAQLP

exports[`<Logo /> should render Logo 1`] = `
<div
  className="Logo"
>
  <img
    alt="MyBurger"
    src="burger-logo.png"
  />
</div>
`;
